WARNING: non-factory comparison host df-macbookpro-m5 (df-macbookpro-m5); development evidence only, not certification authority
engine=/Users/akiralam/code/ax-engine-v750/target/release/ax-engine-bench host=df-macbookpro-m5 hostname=df-macbookpro-m5
manifest already exists: /Users/akiralam/tiel-tier2/models/AX-Tiel-Coder-35B-A3B-MLX-AXQ-MXFP4-MTP-redo-20260923/model-manifest.json
validated /Users/akiralam/tiel-tier2/models/AX-Tiel-Coder-35B-A3B-MLX-AXQ-MXFP4-MTP-redo-20260923/model-manifest.json
=== tiel agent-coding mtp-off ===
[transformers] PyTorch was not found. Models won't be available and only tokenizers, configuration and file/data utilities can be used.
2026-09-24 16:32:42 [info     ] benchmark_log_saved            path=/Users/akiralam/tiel-tier2/work-v750/tiel/agent-coding/mtp-off/benchmark_raw_log.json
=== tiel agent-coding mtp-on ===
2026-09-24 16:33:03 [info     ] benchmark_log_saved            path=/Users/akiralam/tiel-tier2/work-v750/tiel/agent-coding/mtp-on/benchmark_raw_log.json
tiel agent-coding: exact=False weighted=1.3021 prompt_med=1.3021 release_ready=False pass=False
=== tiel general-long mtp-off ===
2026-09-24 16:33:25 [info     ] benchmark_log_saved            path=/Users/akiralam/tiel-tier2/work-v750/tiel/general-long/mtp-off/benchmark_raw_log.json
=== tiel general-long mtp-on ===
2026-09-24 16:33:45 [info     ] benchmark_log_saved            path=/Users/akiralam/tiel-tier2/work-v750/tiel/general-long/mtp-on/benchmark_raw_log.json
tiel general-long: exact=False weighted=1.1374 prompt_med=1.1400 release_ready=False pass=False
tiel technical_tier2_pass=False
manifest already exists: /Users/akiralam/tiel-tier2/models/AX-Cyber-Tiel-Coder-35B-A3B-MLX-AXQ-MXFP4-MTP-redo-20260923/model-manifest.json
validated /Users/akiralam/tiel-tier2/models/AX-Cyber-Tiel-Coder-35B-A3B-MLX-AXQ-MXFP4-MTP-redo-20260923/model-manifest.json
=== cyber-tiel agent-coding mtp-off ===
2026-09-24 16:34:07 [info     ] benchmark_log_saved            path=/Users/akiralam/tiel-tier2/work-v750/cyber-tiel/agent-coding/mtp-off/benchmark_raw_log.json
=== cyber-tiel agent-coding mtp-on ===
2026-09-24 16:34:28 [info     ] benchmark_log_saved            path=/Users/akiralam/tiel-tier2/work-v750/cyber-tiel/agent-coding/mtp-on/benchmark_raw_log.json
cyber-tiel agent-coding: exact=False weighted=1.3075 prompt_med=1.3075 release_ready=False pass=False
=== cyber-tiel general-long mtp-off ===
2026-09-24 16:34:49 [info     ] benchmark_log_saved            path=/Users/akiralam/tiel-tier2/work-v750/cyber-tiel/general-long/mtp-off/benchmark_raw_log.json
=== cyber-tiel general-long mtp-on ===
2026-09-24 16:35:09 [info     ] benchmark_log_saved            path=/Users/akiralam/tiel-tier2/work-v750/cyber-tiel/general-long/mtp-on/benchmark_raw_log.json
cyber-tiel general-long: exact=False weighted=1.2317 prompt_med=1.2036 release_ready=False pass=False
cyber-tiel technical_tier2_pass=False
