WARNING: non-factory comparison host df-macbookpro-m5 (df-macbookpro-m5); development evidence only, not certification authority
engine=/Users/akiralam/tiel-tier2/engine-754/bin/ax-engine-bench host=df-macbookpro-m5 hostname=df-macbookpro-m5
manifest already exists: /Users/akiralam/tiel-tier2/models/AX-Tiel-Coder-35B-A3B-MLX-AXQ-MXFP4-MTP-redo-20260923/model-manifest.json
validated /Users/akiralam/tiel-tier2/models/AX-Tiel-Coder-35B-A3B-MLX-AXQ-MXFP4-MTP-redo-20260923/model-manifest.json
=== tiel agent-coding mtp-off ===
[transformers] PyTorch was not found. Models won't be available and only tokenizers, configuration and file/data utilities can be used.
2026-09-24 13:06:23 [info     ] benchmark_log_saved            path=/Users/akiralam/tiel-tier2/work754/tiel/agent-coding/mtp-off/benchmark_raw_log.json
=== tiel agent-coding mtp-on ===
2026-09-24 13:06:41 [info     ] benchmark_log_saved            path=/Users/akiralam/tiel-tier2/work754/tiel/agent-coding/mtp-on/benchmark_raw_log.json
tiel agent-coding: exact=False weighted=1.3729 prompt_med=1.3730 release_ready=False pass=False
=== tiel general-long mtp-off ===
2026-09-24 13:07:00 [info     ] benchmark_log_saved            path=/Users/akiralam/tiel-tier2/work754/tiel/general-long/mtp-off/benchmark_raw_log.json
=== tiel general-long mtp-on ===
2026-09-24 13:07:18 [info     ] benchmark_log_saved            path=/Users/akiralam/tiel-tier2/work754/tiel/general-long/mtp-on/benchmark_raw_log.json
tiel general-long: exact=False weighted=1.1986 prompt_med=1.2017 release_ready=False pass=False
tiel technical_tier2_pass=False
manifest already exists: /Users/akiralam/tiel-tier2/models/AX-Cyber-Tiel-Coder-35B-A3B-MLX-AXQ-MXFP4-MTP-redo-20260923/model-manifest.json
validated /Users/akiralam/tiel-tier2/models/AX-Cyber-Tiel-Coder-35B-A3B-MLX-AXQ-MXFP4-MTP-redo-20260923/model-manifest.json
=== cyber-tiel agent-coding mtp-off ===
2026-09-24 13:07:37 [info     ] benchmark_log_saved            path=/Users/akiralam/tiel-tier2/work754/cyber-tiel/agent-coding/mtp-off/benchmark_raw_log.json
=== cyber-tiel agent-coding mtp-on ===
2026-09-24 13:07:55 [info     ] benchmark_log_saved            path=/Users/akiralam/tiel-tier2/work754/cyber-tiel/agent-coding/mtp-on/benchmark_raw_log.json
cyber-tiel agent-coding: exact=False weighted=1.3778 prompt_med=1.3778 release_ready=False pass=False
=== cyber-tiel general-long mtp-off ===
2026-09-24 13:08:14 [info     ] benchmark_log_saved            path=/Users/akiralam/tiel-tier2/work754/cyber-tiel/general-long/mtp-off/benchmark_raw_log.json
=== cyber-tiel general-long mtp-on ===
2026-09-24 13:08:32 [info     ] benchmark_log_saved            path=/Users/akiralam/tiel-tier2/work754/cyber-tiel/general-long/mtp-on/benchmark_raw_log.json
cyber-tiel general-long: exact=False weighted=1.0849 prompt_med=1.0894 release_ready=False pass=False
cyber-tiel technical_tier2_pass=False
